EXECUTION BY RATE
[#2] for 1000 units - F
[#3] for 2500 units - F
[#1] for 1500 units - H
[#2] for 1000 units - F
[#1] for 500 units - H
[#3] for 2500 units - F
[#1] for 1000 units - H
[#2] for 1000 units - F
[#1] for 1000 units - L
[#1] for 500 units - K

LOST DEADLINES
[#1] 1
[#2] 0
[#3] 0

COMPLETE EXECUTION
[#1] 0
[#2] 3
[#3] 2

KILLED
[#1] 1
[#2] 0
[#3] 0