EXECUTION BY RATE
[B] for 15 units - F
[A] for 10 units - F
[C] for 5 units - F
[B] for 15 units - F
idle for 5 units
[A] for 10 units - F
[B] for 15 units - F
[C] for 5 units - F
idle for 10 units
[B] for 15 units - F
[A] for 10 units - F
idle for 5 units
[B] for 15 units - F
[C] for 5 units - F
idle for 10 units
[B] for 15 units - F
[A] for 5 units - K

LOST DEADLINES
[A] 0
[B] 0
[C] 0

COMPLETE EXECUTION
[A] 3
[B] 6
[C] 3

KILLED
[A] 1
[B] 0
[C] 0